// Jest Snapshot v1, https://goo.gl/fbAQLP

exports[`components/FiltersModal/components/FiltersChips should match snapshot 1`] = `
<View
  style={
    Array [
      Object {
        "marginBottom": 16,
        "marginLeft": 0,
        "marginRight": 0,
        "marginTop": 16,
      },
    ]
  }
>
  <Text
    style={
      Array [
        Object {
          "color": "#333333",
          "fontSize": 12,
          "fontWeight": "bold",
          "marginBottom": 4,
          "marginLeft": 0,
          "marginRight": 0,
          "marginTop": 4,
        },
      ]
    }
    testID="filtersChipsTitle"
  >
    Test
  </Text>
  <View
    style={
      Array [
        Object {
          "flexDirection": "row",
          "flexWrap": "wrap",
          "marginBottom": 4,
          "marginLeft": 0,
          "marginRight": 0,
          "marginTop": 4,
        },
      ]
    }
    testID="filtersChipsOptions"
  >
    <View
      accessible={true}
      collapsable={false}
      focusable={true}
      nativeID="animatedComponent"
      onClick={[Function]}
      onResponderGrant={[Function]}
      onResponderMove={[Function]}
      onResponderRelease={[Function]}
      onResponderTerminate={[Function]}
      onResponderTerminationRequest={[Function]}
      onStartShouldSetResponder={[Function]}
      style={
        Object {
          "alignItems": "center",
          "backgroundColor": "#333333",
          "borderColor": "#333333",
          "borderRadius": 20,
          "borderStyle": "solid",
          "borderWidth": 1,
          "justifyContent": "center",
          "marginBottom": 4,
          "marginLeft": 4,
          "marginRight": 4,
          "marginTop": 4,
          "opacity": 1,
          "paddingBottom": 8,
          "paddingLeft": 20,
          "paddingRight": 20,
          "paddingTop": 8,
        }
      }
      testID="filtersChipsOptionButton1"
    >
      <Text
        isSelected={true}
        style={
          Array [
            Object {
              "color": "#ffffff",
              "fontSize": 12,
            },
          ]
        }
        testID="filtersChipsOptionText1"
      >
        option 1
      </Text>
    </View>
    <View
      accessible={true}
      collapsable={false}
      focusable={true}
      nativeID="animatedComponent"
      onClick={[Function]}
      onResponderGrant={[Function]}
      onResponderMove={[Function]}
      onResponderRelease={[Function]}
      onResponderTerminate={[Function]}
      onResponderTerminationRequest={[Function]}
      onStartShouldSetResponder={[Function]}
      style={
        Object {
          "alignItems": "center",
          "backgroundColor": "#ffffff",
          "borderColor": "#333333",
          "borderRadius": 20,
          "borderStyle": "solid",
          "borderWidth": 1,
          "justifyContent": "center",
          "marginBottom": 4,
          "marginLeft": 4,
          "marginRight": 4,
          "marginTop": 4,
          "opacity": 1,
          "paddingBottom": 8,
          "paddingLeft": 20,
          "paddingRight": 20,
          "paddingTop": 8,
        }
      }
      testID="filtersChipsOptionButton2"
    >
      <Text
        isSelected={false}
        style={
          Array [
            Object {
              "color": "#333333",
              "fontSize": 12,
            },
          ]
        }
        testID="filtersChipsOptionText2"
      >
        option 2
      </Text>
    </View>
    <View
      accessible={true}
      collapsable={false}
      focusable={true}
      nativeID="animatedComponent"
      onClick={[Function]}
      onResponderGrant={[Function]}
      onResponderMove={[Function]}
      onResponderRelease={[Function]}
      onResponderTerminate={[Function]}
      onResponderTerminationRequest={[Function]}
      onStartShouldSetResponder={[Function]}
      style={
        Object {
          "alignItems": "center",
          "backgroundColor": "#ffffff",
          "borderColor": "#333333",
          "borderRadius": 20,
          "borderStyle": "solid",
          "borderWidth": 1,
          "justifyContent": "center",
          "marginBottom": 4,
          "marginLeft": 4,
          "marginRight": 4,
          "marginTop": 4,
          "opacity": 1,
          "paddingBottom": 8,
          "paddingLeft": 20,
          "paddingRight": 20,
          "paddingTop": 8,
        }
      }
      testID="filtersChipsOptionButton3"
    >
      <Text
        isSelected={false}
        style={
          Array [
            Object {
              "color": "#333333",
              "fontSize": 12,
            },
          ]
        }
        testID="filtersChipsOptionText3"
      >
        option 3
      </Text>
    </View>
  </View>
</View>
`;
